Archive member included to satisfy reference by file (symbol)

c:/program files (x86)/atmel/studio/7.0/toolchain/avr8/avr8-gnu-toolchain/bin/../lib/gcc/avr/5.4.0/../../../../avr/lib/avr5\libm.a(divsf3.o)
                              colorutils.o (__divsf3)
c:/program files (x86)/atmel/studio/7.0/toolchain/avr8/avr8-gnu-toolchain/bin/../lib/gcc/avr/5.4.0/../../../../avr/lib/avr5\libm.a(divsf3x.o)
                              c:/program files (x86)/atmel/studio/7.0/toolchain/avr8/avr8-gnu-toolchain/bin/../lib/gcc/avr/5.4.0/../../../../avr/lib/avr5\libm.a(divsf3.o) (__divsf3x)
c:/program files (x86)/atmel/studio/7.0/toolchain/avr8/avr8-gnu-toolchain/bin/../lib/gcc/avr/5.4.0/../../../../avr/lib/avr5\libm.a(fixunssfsi.o)
                              colorutils.o (__fixunssfsi)
c:/program files (x86)/atmel/studio/7.0/toolchain/avr8/avr8-gnu-toolchain/bin/../lib/gcc/avr/5.4.0/../../../../avr/lib/avr5\libm.a(floatsisf.o)
                              colorutils.o (__floatunsisf)
c:/program files (x86)/atmel/studio/7.0/toolchain/avr8/avr8-gnu-toolchain/bin/../lib/gcc/avr/5.4.0/../../../../avr/lib/avr5\libm.a(fp_inf.o)
                              c:/program files (x86)/atmel/studio/7.0/toolchain/avr8/avr8-gnu-toolchain/bin/../lib/gcc/avr/5.4.0/../../../../avr/lib/avr5\libm.a(divsf3x.o) (__fp_inf)
c:/program files (x86)/atmel/studio/7.0/toolchain/avr8/avr8-gnu-toolchain/bin/../lib/gcc/avr/5.4.0/../../../../avr/lib/avr5\libm.a(fp_nan.o)
                              c:/program files (x86)/atmel/studio/7.0/toolchain/avr8/avr8-gnu-toolchain/bin/../lib/gcc/avr/5.4.0/../../../../avr/lib/avr5\libm.a(divsf3x.o) (__fp_nan)
c:/program files (x86)/atmel/studio/7.0/toolchain/avr8/avr8-gnu-toolchain/bin/../lib/gcc/avr/5.4.0/../../../../avr/lib/avr5\libm.a(fp_pscA.o)
                              c:/program files (x86)/atmel/studio/7.0/toolchain/avr8/avr8-gnu-toolchain/bin/../lib/gcc/avr/5.4.0/../../../../avr/lib/avr5\libm.a(divsf3x.o) (__fp_pscA)
c:/program files (x86)/atmel/studio/7.0/toolchain/avr8/avr8-gnu-toolchain/bin/../lib/gcc/avr/5.4.0/../../../../avr/lib/avr5\libm.a(fp_pscB.o)
                              c:/program files (x86)/atmel/studio/7.0/toolchain/avr8/avr8-gnu-toolchain/bin/../lib/gcc/avr/5.4.0/../../../../avr/lib/avr5\libm.a(divsf3x.o) (__fp_pscB)
c:/program files (x86)/atmel/studio/7.0/toolchain/avr8/avr8-gnu-toolchain/bin/../lib/gcc/avr/5.4.0/../../../../avr/lib/avr5\libm.a(fp_round.o)
                              c:/program files (x86)/atmel/studio/7.0/toolchain/avr8/avr8-gnu-toolchain/bin/../lib/gcc/avr/5.4.0/../../../../avr/lib/avr5\libm.a(divsf3.o) (__fp_round)
c:/program files (x86)/atmel/studio/7.0/toolchain/avr8/avr8-gnu-toolchain/bin/../lib/gcc/avr/5.4.0/../../../../avr/lib/avr5\libm.a(fp_split3.o)
                              c:/program files (x86)/atmel/studio/7.0/toolchain/avr8/avr8-gnu-toolchain/bin/../lib/gcc/avr/5.4.0/../../../../avr/lib/avr5\libm.a(divsf3x.o) (__fp_split3)
c:/program files (x86)/atmel/studio/7.0/toolchain/avr8/avr8-gnu-toolchain/bin/../lib/gcc/avr/5.4.0/../../../../avr/lib/avr5\libm.a(fp_zero.o)
                              c:/program files (x86)/atmel/studio/7.0/toolchain/avr8/avr8-gnu-toolchain/bin/../lib/gcc/avr/5.4.0/../../../../avr/lib/avr5\libm.a(fixunssfsi.o) (__fp_zero)
c:/program files (x86)/atmel/studio/7.0/toolchain/avr8/avr8-gnu-toolchain/bin/../lib/gcc/avr/5.4.0/../../../../avr/lib/avr5\libm.a(mulsf3.o)
                              colorutils.o (__mulsf3)
c:/program files (x86)/atmel/studio/7.0/toolchain/avr8/avr8-gnu-toolchain/bin/../lib/gcc/avr/5.4.0/../../../../avr/lib/avr5\libm.a(mulsf3x.o)
                              c:/program files (x86)/atmel/studio/7.0/toolchain/avr8/avr8-gnu-toolchain/bin/../lib/gcc/avr/5.4.0/../../../../avr/lib/avr5\libm.a(mulsf3.o) (__mulsf3x)
c:/program files (x86)/atmel/studio/7.0/toolchain/avr8/avr8-gnu-toolchain/bin/../lib/gcc/avr/5.4.0/../../../../avr/lib/avr5\libm.a(pow.o)
                              colorutils.o (pow)
c:/program files (x86)/atmel/studio/7.0/toolchain/avr8/avr8-gnu-toolchain/bin/../lib/gcc/avr/5.4.0/../../../../avr/lib/avr5\libm.a(exp.o)
                              c:/program files (x86)/atmel/studio/7.0/toolchain/avr8/avr8-gnu-toolchain/bin/../lib/gcc/avr/5.4.0/../../../../avr/lib/avr5\libm.a(pow.o) (exp)
c:/program files (x86)/atmel/studio/7.0/toolchain/avr8/avr8-gnu-toolchain/bin/../lib/gcc/avr/5.4.0/../../../../avr/lib/avr5\libm.a(fp_powser.o)
                              c:/program files (x86)/atmel/studio/7.0/toolchain/avr8/avr8-gnu-toolchain/bin/../lib/gcc/avr/5.4.0/../../../../avr/lib/avr5\libm.a(exp.o) (__fp_powser)
c:/program files (x86)/atmel/studio/7.0/toolchain/avr8/avr8-gnu-toolchain/bin/../lib/gcc/avr/5.4.0/../../../../avr/lib/avr5\libm.a(inverse.o)
                              c:/program files (x86)/atmel/studio/7.0/toolchain/avr8/avr8-gnu-toolchain/bin/../lib/gcc/avr/5.4.0/../../../../avr/lib/avr5\libm.a(exp.o) (inverse)
[...]
Memory Configuration

Name             Origin             Length             Attributes
text             0x00000000         0x00020000         xr
data             0x00800060         0x0000ffa0         rw !x
eeprom           0x00810000         0x00010000         rw !x
fuse             0x00820000         0x00000003         rw !x
lock             0x00830000         0x00000400         rw !x
signature        0x00840000         0x00000400         rw !x
user_signatures  0x00850000         0x00000400         rw !x
*default*        0x00000000         0xffffffff

Linker script and memory map

Address of section .data set to 0x800100
LOAD C:/Program Files (x86)/Atmel/Studio/7.0/Packs/atmel/ATmega_DFP/1.2.150/gcc/dev/atmega328p/avr5/crtatmega328p.o
LOAD bitswap.o
LOAD colorpalettes.o
LOAD colorutils.o
LOAD FastLED.o
LOAD hsv2rgb.o
LOAD lib8tion.o
LOAD noise.o
LOAD power_mgt.o
LOAD main.o
LOAD wiring.o
START GROUP
LOAD c:/program files (x86)/atmel/studio/7.0/toolchain/avr8/avr8-gnu-toolchain/bin/../lib/gcc/avr/5.4.0/../../../../avr/lib/avr5\libm.a
LOAD H:\Atmel Studio\7.0\PacMan\PacMan\ArduinoCore\Debug\libArduinoCore.a
END GROUP
LOAD c:/program files (x86)/atmel/studio/7.0/toolchain/avr8/avr8-gnu-toolchain/bin/../lib/gcc/avr/5.4.0/avr5\libgcc.a
LOAD c:/program files (x86)/atmel/studio/7.0/toolchain/avr8/avr8-gnu-toolchain/bin/../lib/gcc/avr/5.4.0/../../../../avr/lib/avr5\libm.a
START GROUP
LOAD c:/program files (x86)/atmel/studio/7.0/toolchain/avr8/avr8-gnu-toolchain/bin/../lib/gcc/avr/5.4.0/avr5\libgcc.a
LOAD c:/program files (x86)/atmel/studio/7.0/toolchain/avr8/avr8-gnu-toolchain/bin/../lib/gcc/avr/5.4.0/../../../../avr/lib/avr5\libm.a
LOAD c:/program files (x86)/atmel/studio/7.0/toolchain/avr8/avr8-gnu-toolchain/bin/../lib/gcc/avr/5.4.0/../../../../avr/lib/avr5\libc.a
LOAD C:/Program Files (x86)/Atmel/Studio/7.0/Packs/atmel/ATmega_DFP/1.2.150/gcc/dev/atmega328p/avr5\libatmega328p.a
END GROUP
                0x00020000                __TEXT_REGION_LENGTH__ = DEFINED (__TEXT_REGION_LENGTH__)?__TEXT_REGION_LENGTH__:0x20000
                0x0000ffa0                __DATA_REGION_LENGTH__ = DEFINED (__DATA_REGION_LENGTH__)?__DATA_REGION_LENGTH__:0xffa0
                0x00010000                __EEPROM_REGION_LENGTH__ = DEFINED (__EEPROM_REGION_LENGTH__)?__EEPROM_REGION_LENGTH__:0x10000
                [0x00000003]                __FUSE_REGION_LENGTH__ = DEFINED (__FUSE_REGION_LENGTH__)?__FUSE_REGION_LENGTH__:0x400
                0x00000400                __LOCK_REGION_LENGTH__ = DEFINED (__LOCK_REGION_LENGTH__)?__LOCK_REGION_LENGTH__:0x400
                0x00000400                __SIGNATURE_REGION_LENGTH__ = DEFINED (__SIGNATURE_REGION_LENGTH__)?__SIGNATURE_REGION_LENGTH__:0x400
                0x00000400                __USER_SIGNATURE_REGION_LENGTH__ = DEFINED (__USER_SIGNATURE_REGION_LENGTH__)?__USER_SIGNATURE_REGION_LENGTH__:0x400

.hash
 *(.hash)

.dynsym
 *(.dynsym)

.dynstr
 *(.dynstr)

.gnu.version
 *(.gnu.version)

.gnu.version_d
 *(.gnu.version_d)

.gnu.version_r
 *(.gnu.version_r)

.rel.init
 *(.rel.init)

.rela.init
 *(.rela.init)

.rel.text
 *(.rel.text)
 *(.rel.text.*)
 *(.rel.gnu.linkonce.t*)

.rela.text
 *(.rela.text)
 *(.rela.text.*)
 *(.rela.gnu.linkonce.t*)

.rel.fini
 *(.rel.fini)

.rela.fini
 *(.rela.fini)

.rel.rodata
 *(.rel.rodata)
 *(.rel.rodata.*)
 *(.rel.gnu.linkonce.r*)

.rela.rodata
 *(.rela.rodata)
 *(.rela.rodata.*)
 *(.rela.gnu.linkonce.r*)

.rel.data
 *(.rel.data)
 *(.rel.data.*)
 *(.rel.gnu.linkonce.d*)

.rela.data
 *(.rela.data)
 *(.rela.data.*)
 *(.rela.gnu.linkonce.d*)

.rel.ctors
 *(.rel.ctors)

.rela.ctors
 *(.rela.ctors)

.rel.dtors
 *(.rel.dtors)

.rela.dtors
 *(.rela.dtors)

.rel.got
 *(.rel.got)

.rela.got
 *(.rela.got)

.rel.bss
 *(.rel.bss)

.rela.bss
 *(.rela.bss)

.rel.plt
 *(.rel.plt)

.rela.plt
 *(.rela.plt)

.text           0x00000000     0x1c2a
 *(.vectors)
 .vectors       0x00000000       0x68 C:/Program Files (x86)/Atmel/Studio/7.0/Packs/atmel/ATmega_DFP/1.2.150/gcc/dev/atmega328p/avr5/crtatmega328p.o
                0x00000000                __vector_default
                0x00000000                __vectors
 *(.vectors)
 *(.progmem.gcc*)
                0x00000068                . = ALIGN (0x2)
                0x00000068                __trampolines_start = .
 *(.trampolines)
 .trampolines   0x00000068        0x0 linker stubs
 *(.trampolines*)
                0x00000068                __trampolines_end = .
 *libprintf_flt.a:*(.progmem.data)
 *libc.a:*(.progmem.data)
 *(.progmem*)
                0x00000068                . = ALIGN (0x2)
 *(.jumptables)
 *(.jumptables*)
 *(.lowtext)
 *(.lowtext*)
                0x00000068                __ctors_start = .
 *(.ctors)
 .ctors         0x00000068        0x2 FastLED.o
                0x0000006a                __ctors_end = .
                0x0000006a                __dtors_start = .
 *(.dtors)
                0x0000006a                __dtors_end = .
 SORT(*)(.ctors)
 SORT(*)(.dtors)
 *(.init0)
 .init0         0x0000006a        0x0 C:/Program Files (x86)/Atmel/Studio/7.0/Packs/atmel/ATmega_DFP/1.2.150/gcc/dev/atmega328p/avr5/crtatmega328p.o
                0x0000006a                __init
 *(.init0)
 *(.init1)
 *(.init1)
 *(.init2)
 .init2         0x0000006a        0xc C:/Program Files (x86)/Atmel/Studio/7.0/Packs/atmel/ATmega_DFP/1.2.150/gcc/dev/atmega328p/avr5/crtatmega328p.o
 *(.init2)
 *(.init3)
 *(.init3)
 *(.init4)
 .init4         0x00000076       0x16 c:/program files (x86)/atmel/studio/7.0/toolchain/avr8/avr8-gnu-toolchain/bin/../lib/gcc/avr/5.4.0/avr5\libgcc.a(_copy_data.o)
                0x00000076                __do_copy_data
 .init4         0x0000008c       0x10 c:/program files (x86)/atmel/studio/7.0/toolchain/avr8/avr8-gnu-toolchain/bin/../lib/gcc/avr/5.4.0/avr5\libgcc.a(_clear_bss.o)
                0x0000008c                __do_clear_bss
 *(.init4)
 *(.init5)
 *(.init5)
 *(.init6)
 .init6         0x0000009c       0x16 c:/program files (x86)/atmel/studio/7.0/toolchain/avr8/avr8-gnu-toolchain/bin/../lib/gcc/avr/5.4.0/avr5\libgcc.a(_ctors.o)
                0x0000009c                __do_global_ctors
 *(.init6)
 *(.init7)
 *(.init7)
 *(.init8)
 *(.init8)
 *(.init9)
 .init9         0x000000b2        0x8 C:/Program Files (x86)/Atmel/Studio/7.0/Packs/atmel/ATmega_DFP/1.2.150/gcc/dev/atmega328p/avr5/crtatmega328p.o
 *(.init9)
 *(.text)
 .text          0x000000ba        0x4 C:/Program Files (x86)/Atmel/Studio/7.0/Packs/atmel/ATmega_DFP/1.2.150/gcc/dev/atmega328p/avr5/crtatmega328p.o
                0x000000ba                __vector_22
                0x000000ba                __vector_1
                0x000000ba                __vector_24
                0x000000ba                __vector_12
                0x000000ba                __bad_interrupt
                0x000000ba                __vector_6
                0x000000ba                __vector_3
                0x000000ba                __vector_23
                0x000000ba                __vector_25
                0x000000ba                __vector_11
                0x000000ba                __vector_13
                0x000000ba                __vector_17
                0x000000ba                __vector_19
                0x000000ba                __vector_7
                0x000000ba                __vector_5
                0x000000ba                __vector_4
                0x000000ba                __vector_9
                0x000000ba                __vector_2
                0x000000ba                __vector_21
                0x000000ba                __vector_15
                0x000000ba                __vector_8
                0x000000ba                __vector_14
                0x000000ba                __vector_10
                0x000000ba                __vector_18
                0x000000ba                __vector_20
                0x000000be                . = ALIGN (0x2)
 *(.text.*)
 .text._Z10fill_solidP4CRGBiRKS_
                0x000000be       0x2a colorutils.o
                0x000000be                _Z10fill_solidP4CRGBiRKS_
 .text._ZN14CLEDController17computeAdjustmentEhRK4CRGBS2_
                0x000000e8       0xb0 FastLED.o
                0x000000e8                _ZN14CLEDController17computeAdjustmentEhRK4CRGBS2_
 .text._ZN8CFastLEDC2Ev
                0x00000198       0x1e FastLED.o
                0x00000198                _ZN8CFastLEDC1Ev
                0x00000198                _ZN8CFastLEDC2Ev
 .text._ZN8CFastLED9clearDataEv
                0x000001b6       0x3a FastLED.o
                0x000001b6                _ZN8CFastLED9clearDataEv
 .text._ZN8CFastLED8countFPSEi
                0x000001f0       0xaa FastLED.o
                0x000001f0                _ZN8CFastLED8countFPSEi
 .text._ZN8CFastLED4showEh
                0x0000029a      0x12e FastLED.o
                0x0000029a                _ZN8CFastLED4showEh
 .text._ZN8CFastLED9showColorERK4CRGBh
                0x000003c8      0x136 FastLED.o
                0x000003c8                _ZN8CFastLED9showColorERK4CRGBh
 .text._ZN8CFastLED5clearEb
                0x000004fe       0x3e FastLED.o
                0x000004fe                _ZN8CFastLED5clearEb
 .text._ZN8CFastLED17setMaxRefreshRateEjb
                0x0000053c       0x72 FastLED.o
                0x0000053c                _ZN8CFastLED17setMaxRefreshRateEjb
 .text._ZN8CFastLED7addLedsEP14CLEDControllerP4CRGBii
                0x000005ae       0x7c FastLED.o
                0x000005ae                _ZN8CFastLED7addLedsEP14CLEDControllerP4CRGBii
 .text.startup._GLOBAL__sub_I_pSmartMatrix
                0x0000062a        0x8 FastLED.o
 .text.memset8  0x00000632       0x16 lib8tion.o
                0x00000632                memset8
 .text._ZN14CLEDController4sizeEv
                0x00000648        0x8 main.o
                0x00000648                _ZN14CLEDController4sizeEv
 .text._ZN14CLEDController9clearLedsEi
                0x00000650       0x48 main.o
                0x00000650                _ZN14CLEDController9clearLedsEi
 .text._ZNK19ClocklessControllerILh3ELi6ELi8ELi6EL6EOrder10ELi0ELb0ELi10EE17getMaxRefreshRateEv
                0x00000698        0x6 main.o
                0x00000698                _ZNK19ClocklessControllerILh3ELi6ELi8ELi6EL6EOrder10ELi0ELb0ELi10EE17getMaxRefreshRateEv
 .text._ZN19ClocklessControllerILh3ELi6ELi8ELi6EL6EOrder10ELi0ELb0ELi10EE4initEv
                0x0000069e        0x4 main.o
                0x0000069e                _ZN19ClocklessControllerILh3ELi6ELi8ELi6EL6EOrder10ELi0ELb0ELi10EE4initEv
 .text._ZN8CFastLED4showEv
                0x000006a2        0x8 main.o
                0x000006a2                _ZN8CFastLED4showEv
 .text.setup    0x000006aa       0xc2 main.o
                0x000006aa                setup
 .text.loop     0x0000076c      0xb04 main.o
                0x0000076c                loop
 .text._ZN19ClocklessControllerILh3ELi6ELi8ELi6EL6EOrder10ELi0ELb0ELi10EE15showRGBInternalER15PixelControllerILS0_10ELi1ELm4294967295EE
                0x00001270      0x3c8 main.o
                0x00001270                _ZN19ClocklessControllerILh3ELi6ELi8ELi6EL6EOrder10ELi0ELb0ELi10EE15showRGBInternalER15PixelControllerILS0_10ELi1ELm4294967295EE
 .text._ZN19ClocklessControllerILh3ELi6ELi8ELi6EL6EOrder10ELi0ELb0ELi10EE10showPixelsER15PixelControllerILS0_10ELi1ELm4294967295EE
                0x00001638       0xf4 main.o
                0x00001638                _ZN19ClocklessControllerILh3ELi6ELi8ELi6EL6EOrder10ELi0ELb0ELi10EE10showPixelsER15PixelControllerILS0_10ELi1ELm4294967295EE
 .text._ZN15PixelControllerIL6EOrder10ELi1ELm4294967295EE11initOffsetsEi
                0x0000172c        0x8 main.o
                0x0000172c                _ZN15PixelControllerIL6EOrder10ELi1ELm4294967295EE11initOffsetsEi
 .text._ZN15PixelControllerIL6EOrder10ELi1ELm4294967295EE21init_binary_ditheringEv
                0x00001734       0x7e main.o
                0x00001734                _ZN15PixelControllerIL6EOrder10ELi1ELm4294967295EE21init_binary_ditheringEv
 .text._ZN19CPixelLEDControllerIL6EOrder10ELi1ELm4294967295EE4showEPK4CRGBiS2_
                0x000017b2       0x98 main.o
                0x000017b2                _ZN19CPixelLEDControllerIL6EOrder10ELi1ELm4294967295EE4showEPK4CRGBiS2_
 .text._ZN19CPixelLEDControllerIL6EOrder10ELi1ELm4294967295EE9showColorERK4CRGBiS2_
                0x0000184a       0x96 main.o
                0x0000184a                _ZN19CPixelLEDControllerIL6EOrder10ELi1ELm4294967295EE9showColorERK4CRGBiS2_
 .text.__empty  0x000018e0        0x2 H:\Atmel Studio\7.0\PacMan\PacMan\ArduinoCore\Debug\libArduinoCore.a(hooks.o)
                0x000018e0                yield
 .text.initVariant
                0x000018e2        0x2 H:\Atmel Studio\7.0\PacMan\PacMan\ArduinoCore\Debug\libArduinoCore.a(main.o)
                0x000018e2                initVariant
 .text.startup.main
                0x000018e4       0x1e H:\Atmel Studio\7.0\PacMan\PacMan\ArduinoCore\Debug\libArduinoCore.a(main.o)
                0x000018e4                main
 .text.__vector_16
                0x00001902       0x94 H:\Atmel Studio\7.0\PacMan\PacMan\ArduinoCore\Debug\libArduinoCore.a(wiring.o)
                0x00001902                __vector_16
 .text.millis   0x00001996       0x18 H:\Atmel Studio\7.0\PacMan\PacMan\ArduinoCore\Debug\libArduinoCore.a(wiring.o)
                0x00001996                millis
 .text.micros   0x000019ae       0x4a H:\Atmel Studio\7.0\PacMan\PacMan\ArduinoCore\Debug\libArduinoCore.a(wiring.o)
                0x000019ae                micros
 .text.delay    0x000019f8       0x78 H:\Atmel Studio\7.0\PacMan\PacMan\ArduinoCore\Debug\libArduinoCore.a(wiring.o)
                0x000019f8                delay
 .text.init     0x00001a70       0x76 H:\Atmel Studio\7.0\PacMan\PacMan\ArduinoCore\Debug\libArduinoCore.a(wiring.o)
                0x00001a70                init
 .text.libgcc.mul
                0x00001ae6       0x20 c:/program files (x86)/atmel/studio/7.0/toolchain/avr8/avr8-gnu-toolchain/bin/../lib/gcc/avr/5.4.0/avr5\libgcc.a(_mulsi3.o)
                0x00001ae6                __mulsi3
 .text.libgcc.div
                0x00001b06       0x28 c:/program files (x86)/atmel/studio/7.0/toolchain/avr8/avr8-gnu-toolchain/bin/../lib/gcc/avr/5.4.0/avr5\libgcc.a(_udivmodhi4.o)
                0x00001b06                __udivmodhi4
 .text.libgcc.div
                0x00001b2e       0x28 c:/program files (x86)/atmel/studio/7.0/toolchain/avr8/avr8-gnu-toolchain/bin/../lib/gcc/avr/5.4.0/avr5\libgcc.a(_divmodhi4.o)
                0x00001b2e                _div
                0x00001b2e                __divmodhi4
 .text.libgcc.div
                0x00001b56       0x44 c:/program files (x86)/atmel/studio/7.0/toolchain/avr8/avr8-gnu-toolchain/bin/../lib/gcc/avr/5.4.0/avr5\libgcc.a(_udivmodsi4.o)
                0x00001b56                __udivmodsi4
 .text.libgcc.div
                0x00001b9a       0x2e c:/program files (x86)/atmel/studio/7.0/toolchain/avr8/avr8-gnu-toolchain/bin/../lib/gcc/avr/5.4.0/avr5\libgcc.a(_divmodsi4.o)
                0x00001b9a                __divmodsi4
 .text.libgcc.div
                0x00001bc8       0x10 c:/program files (x86)/atmel/studio/7.0/toolchain/avr8/avr8-gnu-toolchain/bin/../lib/gcc/avr/5.4.0/avr5\libgcc.a(_negsi2.o)
                0x00001bc8                __negsi2
 .text.libgcc.mul
                0x00001bd8        0xe c:/program files (x86)/atmel/studio/7.0/toolchain/avr8/avr8-gnu-toolchain/bin/../lib/gcc/avr/5.4.0/avr5\libgcc.a(_usmulhisi3.o)
                0x00001bd8                __usmulhisi3
                0x00001bdc                __usmulhisi3_tail
 .text.libgcc.mul
                0x00001be6       0x16 c:/program files (x86)/atmel/studio/7.0/toolchain/avr8/avr8-gnu-toolchain/bin/../lib/gcc/avr/5.4.0/avr5\libgcc.a(_muluhisi3.o)
                0x00001be6                __muluhisi3
 .text.libgcc   0x00001bfc        0xc c:/program files (x86)/atmel/studio/7.0/toolchain/avr8/avr8-gnu-toolchain/bin/../lib/gcc/avr/5.4.0/avr5\libgcc.a(_tablejump2.o)
                0x00001bfc                __tablejump2__
 .text.libgcc.mul
                0x00001c08       0x1e c:/program files (x86)/atmel/studio/7.0/toolchain/avr8/avr8-gnu-toolchain/bin/../lib/gcc/avr/5.4.0/avr5\libgcc.a(_umulhisi3.o)
                0x00001c08                __umulhisi3
                0x00001c26                . = ALIGN (0x2)
 *(.fini9)
 .fini9         0x00001c26        0x0 c:/program files (x86)/atmel/studio/7.0/toolchain/avr8/avr8-gnu-toolchain/bin/../lib/gcc/avr/5.4.0/avr5\libgcc.a(_exit.o)
                0x00001c26                _exit
                0x00001c26                exit
 *(.fini9)
 *(.fini8)
 *(.fini8)
 *(.fini7)
 *(.fini7)
 *(.fini6)
 *(.fini6)
 *(.fini5)
 *(.fini5)
 *(.fini4)
 *(.fini4)
 *(.fini3)
 *(.fini3)
 *(.fini2)
 *(.fini2)
 *(.fini1)
 *(.fini1)
 *(.fini0)
 .fini0         0x00001c26        0x4 c:/program files (x86)/atmel/studio/7.0/toolchain/avr8/avr8-gnu-toolchain/bin/../lib/gcc/avr/5.4.0/avr5\libgcc.a(_exit.o)
 *(.fini0)
                0x00001c2a                _etext = .

.data           0x00800100      0x1cc load address 0x00001c2a
                0x00800100                PROVIDE (__data_start, .)
 *(.data)
 *(.data*)
 .data.pac_girl_loop
                0x00800100        0x2 main.o
                0x00800100                pac_girl_loop
 .data.pacg_ph4_body
                0x00800102        0x2 main.o
                0x00800102                pacg_ph4_body
 .data.pacg_ph4_lips
                0x00800104        0x4 main.o
                0x00800104                pacg_ph4_lips
 .data.pacg_ph4_mouth
                0x00800108        0x2 main.o
                0x00800108                pacg_ph4_mouth
 .data.pacg_ph4_eyes
                0x0080010a        0x1 main.o
                0x0080010a                pacg_ph4_eyes
 .data.pacg_ph4_black
                0x0080010b       0x23 main.o
                0x0080010b                pacg_ph4_black
 .data.pacg_ph3_mouth
                0x0080012e        0x2 main.o
                0x0080012e                pacg_ph3_mouth
 .data.pacg_ph3_lips
                0x00800130        0x4 main.o
                0x00800130                pacg_ph3_lips
 .data.pacg_ph3_body
                0x00800134       0x25 main.o
                0x00800134                pacg_ph3_body
 .data.pacg_ph2_lips
                0x00800159        0x4 main.o
                0x00800159                pacg_ph2_lips
 .data.pacg_ph2_body
                0x0080015d       0x19 main.o
                0x0080015d                pacg_ph2_body
 .data.pacg_ph2_black
                0x00800176        0x2 main.o
                0x00800176                pacg_ph2_black
 .data.pacg_ph1_eyes
                0x00800178        0x3 main.o
                0x00800178                pacg_ph1_eyes
 .data.pacg_ph1_mouth
                0x0080017b        0x5 main.o
                0x0080017b                pacg_ph1_mouth
 .data.pacg_ph1_lips
                0x00800180       0x14 main.o
                0x00800180                pacg_ph1_lips
 .data.pacg_ph1_body
                0x00800194       0x3b main.o
                0x00800194                pacg_ph1_body
 .data.pacg_ph1_black
                0x008001cf       0x3d main.o
                0x008001cf                pacg_ph1_black
 .data.pacg_always_black
                0x0080020c       0x30 main.o
                0x0080020c                pacg_always_black
 .data.bad_ghost_blink_loop
                0x0080023c        0x2 main.o
                0x0080023c                bad_ghost_blink_loop
 .data.bad_ghost_loop
                0x0080023e        0x2 main.o
                0x0080023e                bad_ghost_loop
 .data.reg_ghost_loop
                0x00800240        0x2 main.o
                0x00800240                reg_ghost_loop
 .data.eye_loop
                0x00800242        0x2 main.o
                0x00800242                eye_loop
 .data.feet_delay
                0x00800244        0x2 main.o
                0x00800244                feet_delay
 .data.bad_eyes_mouth
                0x00800246       0x14 main.o
                0x00800246                bad_eyes_mouth
 .data.zoid_void_pixels_2
                0x0080025a        0xa main.o
                0x0080025a                zoid_void_pixels_2
 .data.zoid_void_pixels_1
                0x00800264        0xc main.o
                0x00800264                zoid_void_pixels_1
 .data.zoid_pupils_r
                0x00800270        0x8 main.o
                0x00800270                zoid_pupils_r
 .data.zoid_pupils_l
                0x00800278        0x8 main.o
                0x00800278                zoid_pupils_l
 .data.zoid_eyes_white_r
                0x00800280       0x10 main.o
                0x00800280                zoid_eyes_white_r
 .data.zoid_eyes_white_l
                0x00800290       0x10 main.o
                0x00800290                zoid_eyes_white_l
 .data.zoid_always_black
                0x008002a0       0x1a main.o
                0x008002a0                zoid_always_black
 *(.gnu.linkonce.d*)
 *(.rodata)
 *(.rodata*)
 .rodata._ZTV6WS2811ILh3EL6EOrder10EE
                0x008002ba       0x12 main.o
                0x008002ba                _ZTV6WS2811ILh3EL6EOrder10EE
 *(.gnu.linkonce.r*)
                0x008002cc                . = ALIGN (0x2)
                0x008002cc                _edata = .
                0x008002cc                PROVIDE (__data_end, .)

.bss            0x008002cc      0x28b
                0x008002cc                PROVIDE (__bss_start, .)
 *(.bss)
 *(.bss*)
 .bss._ZZN8CFastLED8countFPSEiE9lastframe
                0x008002cc        0x4 FastLED.o
 .bss._ZZN8CFastLED8countFPSEiE2br
                0x008002d0        0x2 FastLED.o
 .bss._ZL8lastshow
                0x008002d2        0x4 FastLED.o
 .bss._ZN14CLEDController7m_pTailE
                0x008002d6        0x2 FastLED.o
                0x008002d6                _ZN14CLEDController7m_pTailE
 .bss._ZN14CLEDController7m_pHeadE
                0x008002d8        0x2 FastLED.o
                0x008002d8                _ZN14CLEDController7m_pHeadE
 .bss.FastLED   0x008002da        0xd FastLED.o
                0x008002da                FastLED
 .bss._ZZN15PixelControllerIL6EOrder10ELi1ELm4294967295EE21init_binary_ditheringEvE1R
                0x008002e7        0x1 main.o
                0x008002e7                _ZZN15PixelControllerIL6EOrder10ELi1ELm4294967295EE21init_binary_ditheringEvE1R
 .bss._ZGVZN8CFastLED7addLedsI6WS2811Lh3EL6EOrder10EEER14CLEDControllerP4CRGBiiE1c
                0x008002e8        0x8 main.o
                0x008002e8                _ZGVZN8CFastLED7addLedsI6WS2811Lh3EL6EOrder10EEER14CLEDControllerP4CRGBiiE1c
 .bss._ZZN8CFastLED7addLedsI6WS2811Lh3EL6EOrder10EEER14CLEDControllerP4CRGBiiE1c
                0x008002f0       0x11 main.o
                0x008002f0                _ZZN8CFastLED7addLedsI6WS2811Lh3EL6EOrder10EEER14CLEDControllerP4CRGBiiE1c
 .bss.leds      0x00800301      0x24c main.o
                0x00800301                leds
 .bss._ZL21gTimeErrorAccum256ths
                0x0080054d        0x1 main.o
 .bss.timer0_fract
                0x0080054e        0x1 H:\Atmel Studio\7.0\PacMan\PacMan\ArduinoCore\Debug\libArduinoCore.a(wiring.o)
 .bss.timer0_millis
                0x0080054f        0x4 H:\Atmel Studio\7.0\PacMan\PacMan\ArduinoCore\Debug\libArduinoCore.a(wiring.o)
                0x0080054f                timer0_millis
 .bss.timer0_overflow_count
                0x00800553        0x4 H:\Atmel Studio\7.0\PacMan\PacMan\ArduinoCore\Debug\libArduinoCore.a(wiring.o)
                0x00800553                timer0_overflow_count
 *(COMMON)
                0x00800557                PROVIDE (__bss_end, .)
                0x00001c2a                __data_load_start = LOADADDR (.data)
                0x00001df6                __data_load_end = (__data_load_start + SIZEOF (.data))

.noinit         0x00800557        0x0
                [!provide]                PROVIDE (__noinit_start, .)
 *(.noinit*)
                [!provide]                PROVIDE (__noinit_end, .)
                0x00800557                _end = .
                [!provide]                PROVIDE (__heap_start, .)

.eeprom         0x00810000        0x0
 *(.eeprom*)
                0x00810000                __eeprom_end = .

.fuse
 *(.fuse)
 *(.lfuse)
 *(.hfuse)
 *(.efuse)

.lock
 *(.lock*)

.signature
 *(.signature*)

.user_signatures
 *(.user_signatures*)

.stab
 *(.stab)

.stabstr
 *(.stabstr)

.stab.excl
 *(.stab.excl)

.stab.exclstr
 *(.stab.exclstr)

.stab.index
 *(.stab.index)

.stab.indexstr
 *(.stab.indexstr)

.comment        0x00000000       0x30
 *(.comment)
 .comment       0x00000000       0x30 colorutils.o
                                 0x31 (size before relaxing)
 .comment       0x00000030       0x31 FastLED.o
 .comment       0x00000030       0x31 lib8tion.o
 .comment       0x00000030       0x31 main.o
 .comment       0x00000030       0x31 H:\Atmel Studio\7.0\PacMan\PacMan\ArduinoCore\Debug\libArduinoCore.a(hooks.o)
 .comment       0x00000030       0x31 H:\Atmel Studio\7.0\PacMan\PacMan\ArduinoCore\Debug\libArduinoCore.a(main.o)
 .comment       0x00000030       0x31 H:\Atmel Studio\7.0\PacMan\PacMan\ArduinoCore\Debug\libArduinoCore.a(wiring.o)

.note.gnu.avr.deviceinfo
                0x00000000       0x40
 .note.gnu.avr.deviceinfo
                0x00000000       0x40 C:/Program Files (x86)/Atmel/Studio/7.0/Packs/atmel/ATmega_DFP/1.2.150/gcc/dev/atmega328p/avr5/crtatmega328p.o

.note.gnu.build-id
 *(.note.gnu.build-id)

.debug
 *(.debug)

.line
 *(.line)

.debug_srcinfo
 *(.debug_srcinfo)

.debug_sfnames
 *(.debug_sfnames)

.debug_aranges  0x00000000      0x3a8
 *(.debug_aranges)
 .debug_aranges
                0x00000000      0x1b8 colorutils.o
 .debug_aranges
                0x000001b8       0xa0 FastLED.o
 .debug_aranges
                0x00000258       0x30 lib8tion.o
 .debug_aranges
                0x00000288       0x88 main.o
 .debug_aranges
                0x00000310       0x20 H:\Atmel Studio\7.0\PacMan\PacMan\ArduinoCore\Debug\libArduinoCore.a(hooks.o)
 .debug_aranges
                0x00000330       0x30 H:\Atmel Studio\7.0\PacMan\PacMan\ArduinoCore\Debug\libArduinoCore.a(main.o)
 .debug_aranges
                0x00000360       0x48 H:\Atmel Studio\7.0\PacMan\PacMan\ArduinoCore\Debug\libArduinoCore.a(wiring.o)

.debug_pubnames
 *(.debug_pubnames)

.debug_info     0x00000000    0x10af1
 *(.debug_info .gnu.linkonce.wi.*)
 .debug_info    0x00000000      0x5f4 C:/Program Files (x86)/Atmel/Studio/7.0/Packs/atmel/ATmega_DFP/1.2.150/gcc/dev/atmega328p/avr5/crtatmega328p.o
 .debug_info    0x000005f4     0x6fac colorutils.o
 .debug_info    0x000075a0     0x2985 FastLED.o
 .debug_info    0x00009f25      0x51d lib8tion.o
 .debug_info    0x0000a442     0x616f main.o
 .debug_info    0x000105b1       0x3e H:\Atmel Studio\7.0\PacMan\PacMan\ArduinoCore\Debug\libArduinoCore.a(hooks.o)
 .debug_info    0x000105ef      0x237 H:\Atmel Studio\7.0\PacMan\PacMan\ArduinoCore\Debug\libArduinoCore.a(main.o)
 .debug_info    0x00010826      0x2cb H:\Atmel Studio\7.0\PacMan\PacMan\ArduinoCore\Debug\libArduinoCore.a(wiring.o)

.debug_abbrev   0x00000000     0x1e87
 *(.debug_abbrev)
 .debug_abbrev  0x00000000      0x5a2 C:/Program Files (x86)/Atmel/Studio/7.0/Packs/atmel/ATmega_DFP/1.2.150/gcc/dev/atmega328p/avr5/crtatmega328p.o
 .debug_abbrev  0x000005a2      0x67c colorutils.o
 .debug_abbrev  0x00000c1e      0x602 FastLED.o
 .debug_abbrev  0x00001220      0x196 lib8tion.o
 .debug_abbrev  0x000013b6      0x834 main.o
 .debug_abbrev  0x00001bea       0x2a H:\Atmel Studio\7.0\PacMan\PacMan\ArduinoCore\Debug\libArduinoCore.a(hooks.o)
 .debug_abbrev  0x00001c14      0x12d H:\Atmel Studio\7.0\PacMan\PacMan\ArduinoCore\Debug\libArduinoCore.a(main.o)
 .debug_abbrev  0x00001d41      0x146 H:\Atmel Studio\7.0\PacMan\PacMan\ArduinoCore\Debug\libArduinoCore.a(wiring.o)

.debug_line     0x00000000     0x41d7
 *(.debug_line .debug_line.* .debug_line_end)
 .debug_line    0x00000000      0x133 C:/Program Files (x86)/Atmel/Studio/7.0/Packs/atmel/ATmega_DFP/1.2.150/gcc/dev/atmega328p/avr5/crtatmega328p.o
 .debug_line    0x00000133     0x19c2 colorutils.o
 .debug_line    0x00001af5      0x67a FastLED.o
 .debug_line    0x0000216f      0x210 lib8tion.o
 .debug_line    0x0000237f     0x1a19 main.o
 .debug_line    0x00003d98       0x41 H:\Atmel Studio\7.0\PacMan\PacMan\ArduinoCore\Debug\libArduinoCore.a(hooks.o)
 .debug_line    0x00003dd9      0x165 H:\Atmel Studio\7.0\PacMan\PacMan\ArduinoCore\Debug\libArduinoCore.a(main.o)
 .debug_line    0x00003f3e      0x299 H:\Atmel Studio\7.0\PacMan\PacMan\ArduinoCore\Debug\libArduinoCore.a(wiring.o)

.debug_frame    0x00000000     0x1038
 *(.debug_frame)
 .debug_frame   0x00000000      0xa18 colorutils.o
 .debug_frame   0x00000a18      0x294 FastLED.o
 .debug_frame   0x00000cac       0x44 lib8tion.o
 .debug_frame   0x00000cf0      0x20c main.o
 .debug_frame   0x00000efc       0x24 H:\Atmel Studio\7.0\PacMan\PacMan\ArduinoCore\Debug\libArduinoCore.a(hooks.o)
 .debug_frame   0x00000f20       0x54 H:\Atmel Studio\7.0\PacMan\PacMan\ArduinoCore\Debug\libArduinoCore.a(main.o)
 .debug_frame   0x00000f74       0xc4 H:\Atmel Studio\7.0\PacMan\PacMan\ArduinoCore\Debug\libArduinoCore.a(wiring.o)

.debug_str      0x00000000     0x5585
 *(.debug_str)
 .debug_str     0x00000000      0x208 C:/Program Files (x86)/Atmel/Studio/7.0/Packs/atmel/ATmega_DFP/1.2.150/gcc/dev/atmega328p/avr5/crtatmega328p.o
 .debug_str     0x00000208     0x2d80 colorutils.o
                               0x2ff4 (size before relaxing)
 .debug_str     0x00002f88      0xa22 FastLED.o
                               0x1b0d (size before relaxing)
 .debug_str     0x000039aa       0x23 lib8tion.o
                                0x57c (size before relaxing)
 .debug_str     0x000039cd     0x19e3 main.o
                               0x3427 (size before relaxing)
 .debug_str     0x000053b0      0x11e H:\Atmel Studio\7.0\PacMan\PacMan\ArduinoCore\Debug\libArduinoCore.a(hooks.o)
 .debug_str     0x000054ce       0x53 H:\Atmel Studio\7.0\PacMan\PacMan\ArduinoCore\Debug\libArduinoCore.a(main.o)
                                0x293 (size before relaxing)
 .debug_str     0x00005521       0x64 H:\Atmel Studio\7.0\PacMan\PacMan\ArduinoCore\Debug\libArduinoCore.a(wiring.o)
                                0x229 (size before relaxing)

.debug_loc      0x00000000     0xa7cc
 *(.debug_loc)
 .debug_loc     0x00000000     0x5e81 colorutils.o
 .debug_loc     0x00005e81     0x1041 FastLED.o
 .debug_loc     0x00006ec2       0xd2 lib8tion.o
 .debug_loc     0x00006f94     0x35ab main.o
 .debug_loc     0x0000a53f      0x28d H:\Atmel Studio\7.0\PacMan\PacMan\ArduinoCore\Debug\libArduinoCore.a(wiring.o)

.debug_macinfo
 *(.debug_macinfo)

.debug_weaknames
 *(.debug_weaknames)

.debug_funcnames
 *(.debug_funcnames)

.debug_typenames
 *(.debug_typenames)

.debug_varnames
 *(.debug_varnames)

.debug_pubtypes
 *(.debug_pubtypes)

.debug_ranges   0x00000000      0x588
 *(.debug_ranges)
 .debug_ranges  0x00000000      0x268 colorutils.o
 .debug_ranges  0x00000268       0xa8 FastLED.o
 .debug_ranges  0x00000310       0x20 lib8tion.o
 .debug_ranges  0x00000330      0x1f0 main.o
 .debug_ranges  0x00000520       0x10 H:\Atmel Studio\7.0\PacMan\PacMan\ArduinoCore\Debug\libArduinoCore.a(hooks.o)
 .debug_ranges  0x00000530       0x20 H:\Atmel Studio\7.0\PacMan\PacMan\ArduinoCore\Debug\libArduinoCore.a(main.o)
 .debug_ranges  0x00000550       0x38 H:\Atmel Studio\7.0\PacMan\PacMan\ArduinoCore\Debug\libArduinoCore.a(wiring.o)

.debug_macro
 *(.debug_macro)
OUTPUT(Pacman.elf elf32-avr)
LOAD linker stubs
